2022-01-29T13:48:03.2803812Z Waiting for a runner to pick up this job...
2022-01-29T13:48:03.6470432Z Job is waiting for a hosted runner to come online.
2022-01-29T13:48:07.5906990Z Job is about to start running on the hosted runner: Hosted Agent (hosted)
2022-01-29T13:48:09.4991429Z Current runner version: '2.286.1'
2022-01-29T13:48:09.5017325Z ##[group]Operating System
2022-01-29T13:48:09.5017811Z Ubuntu
2022-01-29T13:48:09.5018135Z 20.04.3
2022-01-29T13:48:09.5018409Z LTS
2022-01-29T13:48:09.5018669Z ##[endgroup]
2022-01-29T13:48:09.5019012Z ##[group]Virtual Environment
2022-01-29T13:48:09.5019377Z Environment: ubuntu-20.04
2022-01-29T13:48:09.5019695Z Version: 20220123.1
2022-01-29T13:48:09.5020211Z Included Software: https://github.com/actions/virtual-environments/blob/ubuntu20/20220123.1/images/linux/Ubuntu2004-Readme.md
2022-01-29T13:48:09.5020863Z Image Release: https://github.com/actions/virtual-environments/releases/tag/ubuntu20%2F20220123.1
2022-01-29T13:48:09.5021319Z ##[endgroup]
2022-01-29T13:48:09.5021917Z ##[group]Virtual Environment Provisioner
2022-01-29T13:48:09.5022280Z 1.0.0.0-main-20220120-1
2022-01-29T13:48:09.5022608Z ##[endgroup]
2022-01-29T13:48:09.5023521Z ##[group]GITHUB_TOKEN Permissions
2022-01-29T13:48:09.5024127Z Actions: write
2022-01-29T13:48:09.5024639Z Checks: write
2022-01-29T13:48:09.5024976Z Contents: write
2022-01-29T13:48:09.5025302Z Deployments: write
2022-01-29T13:48:09.5025583Z Discussions: write
2022-01-29T13:48:09.5025927Z Issues: write
2022-01-29T13:48:09.5026196Z Metadata: read
2022-01-29T13:48:09.5026507Z Packages: write
2022-01-29T13:48:09.5026823Z Pages: write
2022-01-29T13:48:09.5027091Z PullRequests: write
2022-01-29T13:48:09.5027470Z RepositoryProjects: write
2022-01-29T13:48:09.5027791Z SecurityEvents: write
2022-01-29T13:48:09.5028134Z Statuses: write
2022-01-29T13:48:09.5028399Z ##[endgroup]
2022-01-29T13:48:09.5031910Z Secret source: Actions
2022-01-29T13:48:09.5032357Z Prepare workflow directory
2022-01-29T13:48:09.5873952Z Prepare all required actions
2022-01-29T13:48:09.6057261Z Getting action download info
2022-01-29T13:48:09.8126309Z Download action repository 'actions/checkout@v2' (SHA:ec3a7ce113134d7a93b817d10a8272cb61118579)
2022-01-29T13:48:10.6814969Z ##[group]Run actions/checkout@v2
2022-01-29T13:48:10.6815276Z with:
2022-01-29T13:48:10.6815562Z   repository: Buharevich/Git-Actions
2022-01-29T13:48:10.6816078Z   token: ***
2022-01-29T13:48:10.6816310Z   ssh-strict: true
2022-01-29T13:48:10.6816577Z   persist-credentials: true
2022-01-29T13:48:10.6816814Z   clean: true
2022-01-29T13:48:10.6817041Z   fetch-depth: 1
2022-01-29T13:48:10.6817249Z   lfs: false
2022-01-29T13:48:10.6817470Z   submodules: false
2022-01-29T13:48:10.6817690Z ##[endgroup]
2022-01-29T13:48:10.9424917Z Syncing repository: Buharevich/Git-Actions
2022-01-29T13:48:10.9426938Z ##[group]Getting Git version info
2022-01-29T13:48:10.9427795Z Working directory is '/home/runner/work/Git-Actions/Git-Actions'
2022-01-29T13:48:10.9428874Z [command]/usr/bin/git version
2022-01-29T13:48:10.9527648Z git version 2.34.1
2022-01-29T13:48:10.9528856Z ##[endgroup]
2022-01-29T13:48:10.9529196Z Deleting the contents of '/home/runner/work/Git-Actions/Git-Actions'
2022-01-29T13:48:10.9531036Z ##[group]Initializing the repository
2022-01-29T13:48:10.9533668Z [command]/usr/bin/git init /home/runner/work/Git-Actions/Git-Actions
2022-01-29T13:48:10.9618791Z hint: Using 'master' as the name for the initial branch. This default branch name
2022-01-29T13:48:10.9627997Z hint: is subject to change. To configure the initial branch name to use in all
2022-01-29T13:48:10.9628785Z hint: of your new repositories, which will suppress this warning, call:
2022-01-29T13:48:10.9629790Z hint: 
2022-01-29T13:48:10.9631050Z hint: 	git config --global init.defaultBranch <name>
2022-01-29T13:48:10.9631422Z hint: 
2022-01-29T13:48:10.9632434Z hint: Names commonly chosen instead of 'master' are 'main', 'trunk' and
2022-01-29T13:48:10.9633026Z hint: 'development'. The just-created branch can be renamed via this command:
2022-01-29T13:48:10.9633388Z hint: 
2022-01-29T13:48:10.9633951Z hint: 	git branch -m <name>
2022-01-29T13:48:10.9643338Z Initialized empty Git repository in /home/runner/work/Git-Actions/Git-Actions/.git/
2022-01-29T13:48:10.9653926Z [command]/usr/bin/git remote add origin https://github.com/Buharevich/Git-Actions
2022-01-29T13:48:10.9709322Z ##[endgroup]
2022-01-29T13:48:10.9709943Z ##[group]Disabling automatic garbage collection
2022-01-29T13:48:10.9715562Z [command]/usr/bin/git config --local gc.auto 0
2022-01-29T13:48:10.9754623Z ##[endgroup]
2022-01-29T13:48:10.9775023Z ##[group]Setting up auth
2022-01-29T13:48:10.9784380Z [command]/usr/bin/git config --local --name-only --get-regexp core\.sshCommand
2022-01-29T13:48:10.9816942Z [command]/usr/bin/git submodule foreach --recursive git config --local --name-only --get-regexp 'core\.sshCommand' && git config --local --unset-all 'core.sshCommand' || :
2022-01-29T13:48:11.0155554Z [command]/usr/bin/git config --local --name-only --get-regexp http\.https\:\/\/github\.com\/\.extraheader
2022-01-29T13:48:11.0175849Z [command]/usr/bin/git submodule foreach --recursive git config --local --name-only --get-regexp 'http\.https\:\/\/github\.com\/\.extraheader' && git config --local --unset-all 'http.https://github.com/.extraheader' || :
2022-01-29T13:48:11.0425445Z [command]/usr/bin/git config --local http.https://github.com/.extraheader AUTHORIZATION: basic ***
2022-01-29T13:48:11.0464714Z ##[endgroup]
2022-01-29T13:48:11.0465547Z ##[group]Fetching the repository
2022-01-29T13:48:11.0472374Z [command]/usr/bin/git -c protocol.version=2 fetch --no-tags --prune --progress --no-recurse-submodules --depth=1 origin +754d2726024dde1f86de30a5a48c87ef8e26dce3:refs/remotes/origin/main
2022-01-29T13:48:11.3849413Z remote: Enumerating objects: 7, done.        
2022-01-29T13:48:11.3863026Z remote: Counting objects:  14% (1/7)        
2022-01-29T13:48:11.3869322Z remote: Counting objects:  28% (2/7)        
2022-01-29T13:48:11.3871444Z remote: Counting objects:  42% (3/7)        
2022-01-29T13:48:11.3871729Z remote: Counting objects:  57% (4/7)        
2022-01-29T13:48:11.3872033Z remote: Counting objects:  71% (5/7)        
2022-01-29T13:48:11.3873089Z remote: Counting objects:  85% (6/7)        
2022-01-29T13:48:11.3873614Z remote: Counting objects: 100% (7/7)        
2022-01-29T13:48:11.3873912Z remote: Counting objects: 100% (7/7), done.        
2022-01-29T13:48:11.3874203Z remote: Compressing objects:  20% (1/5)        
2022-01-29T13:48:11.3874461Z remote: Compressing objects:  40% (2/5)        
2022-01-29T13:48:11.3874727Z remote: Compressing objects:  60% (3/5)        
2022-01-29T13:48:11.3874981Z remote: Compressing objects:  80% (4/5)        
2022-01-29T13:48:11.3875242Z remote: Compressing objects: 100% (5/5)        
2022-01-29T13:48:11.3875510Z remote: Compressing objects: 100% (5/5), done.        
2022-01-29T13:48:11.3876136Z remote: Total 7 (delta 0), reused 0 (delta 0), pack-reused 0        
2022-01-29T13:48:11.3960529Z From https://github.com/Buharevich/Git-Actions
2022-01-29T13:48:11.3961254Z  * [new ref]         754d2726024dde1f86de30a5a48c87ef8e26dce3 -> origin/main
2022-01-29T13:48:11.3986258Z ##[endgroup]
2022-01-29T13:48:11.3987033Z ##[group]Determining the checkout info
2022-01-29T13:48:11.3988455Z ##[endgroup]
2022-01-29T13:48:11.3989049Z ##[group]Checking out the ref
2022-01-29T13:48:11.3993179Z [command]/usr/bin/git checkout --progress --force -B main refs/remotes/origin/main
2022-01-29T13:48:11.4044570Z Switched to a new branch 'main'
2022-01-29T13:48:11.4095617Z Branch 'main' set up to track remote branch 'main' from 'origin'.
2022-01-29T13:48:11.4116960Z ##[endgroup]
2022-01-29T13:48:11.4128922Z [command]/usr/bin/git log -1 --format='%H'
2022-01-29T13:48:11.4193626Z '754d2726024dde1f86de30a5a48c87ef8e26dce3'
2022-01-29T13:48:11.4391491Z ##[group]Run echo Hello, world!
2022-01-29T13:48:11.4391791Z [36;1mecho Hello, world![0m
2022-01-29T13:48:11.4444858Z shell: /usr/bin/bash -e {0}
2022-01-29T13:48:11.4445112Z ##[endgroup]
2022-01-29T13:48:11.4722037Z Hello, world!
2022-01-29T13:48:11.4748036Z ##[group]Run echo Add other actions to build,
2022-01-29T13:48:11.4748385Z [36;1mecho Add other actions to build,[0m
2022-01-29T13:48:11.4748695Z [36;1mecho test, and deploy your project.[0m
2022-01-29T13:48:11.4799935Z shell: /usr/bin/bash -e {0}
2022-01-29T13:48:11.4800329Z ##[endgroup]
2022-01-29T13:48:11.4868324Z Add other actions to build,
2022-01-29T13:48:11.4868721Z test, and deploy your project.
2022-01-29T13:48:11.4942688Z Post job cleanup.
2022-01-29T13:48:11.6072917Z [command]/usr/bin/git version
2022-01-29T13:48:11.6115733Z git version 2.34.1
2022-01-29T13:48:11.6146764Z [command]/usr/bin/git config --local --name-only --get-regexp core\.sshCommand
2022-01-29T13:48:11.6181979Z [command]/usr/bin/git submodule foreach --recursive git config --local --name-only --get-regexp 'core\.sshCommand' && git config --local --unset-all 'core.sshCommand' || :
2022-01-29T13:48:11.6420774Z [command]/usr/bin/git config --local --name-only --get-regexp http\.https\:\/\/github\.com\/\.extraheader
2022-01-29T13:48:11.6446100Z http.https://github.com/.extraheader
2022-01-29T13:48:11.6455746Z [command]/usr/bin/git config --local --unset-all http.https://github.com/.extraheader
2022-01-29T13:48:11.6490388Z [command]/usr/bin/git submodule foreach --recursive git config --local --name-only --get-regexp 'http\.https\:\/\/github\.com\/\.extraheader' && git config --local --unset-all 'http.https://github.com/.extraheader' || :
2022-01-29T13:48:11.6880071Z Cleaning up orphan processes
